// Jest Snapshot v1, https://goo.gl/fbAQLP

exports[`Slider matches snapshot 1`] = `ShallowWrapper {}`;
