// Jest Snapshot v1, https://goo.gl/fbAQLP

exports[`App Renders 1`] = `ShallowWrapper {}`;
